# serializer version: 1
# name: test_metadata_generator
  dict({
    'archived_plugins': 0,
    'execution_time_seconds': 1.23,
    'renamed_plugins': 0,
    'skipped_plugins': 2,
    'total_plugins': 2,
    'valid_plugins': 0,
  })
# ---
# name: test_rotorhazard_plugin_success
  dict({
    'etag_release': 'mock_releases_etag',
    'etag_repository': 'mock_repo_etag',
    'forks_count': 10,
    'last_fetched': '2025-03-09T14:00:00+00:00',
    'last_prerelease': 'v1.0.0-beta',
    'last_updated': '2025-03-09T14:00:00+00:00',
    'last_version': 'v1.0.1',
    'manifest': dict({
      'category': 'test',
      'dependencies': list([
      ]),
      'description': 'A test plugin',
      'documentation_uri': 'http://example.com',
      'domain': 'testdomain',
      'name': 'Test Plugin',
      'version': '1.0.1',
      'zip_filename': 'plugin.zip',
    }),
    'open_issues': 5,
    'releases': list([
      dict({
        'prerelease': False,
        'published_at': FakeDatetime(2013, 3, 1, 19, 35, 32, tzinfo=datetime.timezone.utc),
        'tag_name': 'v1.0.1',
      }),
    ]),
    'repository': 'owner/repo',
    'stargazers_count': 100,
    'topics': list([
      'python',
      'plugin',
    ]),
    'used_ref': 'v1.0.1',
    'watchers_count': 10,
  })
# ---
