# serializer version: 1
# name: test_metadata_generator
  dict({
    'archived_plugins': 0,
    'execution_time_seconds': 1.23,
    'renamed_plugins': 0,
    'skipped_plugins': 2,
    'total_plugins': 2,
    'valid_plugins': 0,
  })
# ---
# name: test_rotorhazard_plugin_success
  dict({
    'etag_release': 'mock_releases_etag',
    'etag_repository': 'mock_repo_etag',
    'forks_count': 10,
    'last_fetched': '2025-03-09T14:00:00+00:00',
    'last_prerelease': 'v1.0.0-beta',
    'last_updated': '2025-03-09T14:00:00+00:00',
    'last_version': 'v1.0.1',
    'manifest': dict({
      'category': 'test',
      'dependencies': list([
      ]),
      'description': 'A test plugin',
      'documentation_uri': 'http://example.com',
      'domain': 'testdomain',
      'name': 'Test Plugin',
      'version': '1.0.1',
      'zip_filename': 'plugin.zip',
    }),
    'open_issues': 5,
    'releases': list([
      dict({
        'asset': dict({
          'download_count': 42,
          'name': 'plugin.zip',
          'sha256': '9a27e03cc6248fb656d2bb120bc8f0f75b9c6573c2bd8fa8700c55dc6f0d7a4a',
          'size': 12345,
        }),
        'prerelease': False,
        'published_at': FakeDatetime(2013, 3, 1, 19, 35, 32, tzinfo=datetime.timezone.utc),
        'tag_name': 'v1.0.1',
      }),
      dict({
        'asset': dict({
          'download_count': 30,
          'name': 'plugin.zip',
          'sha256': '992dbf17148559bcc2123b4bda3d97c634cd22560dad60957018d8e1913fbf68',
          'size': 12000,
        }),
        'prerelease': False,
        'published_at': FakeDatetime(2013, 2, 28, 19, 35, 32, tzinfo=datetime.timezone.utc),
        'tag_name': 'v1.0.0',
      }),
      dict({
        'asset': dict({
          'download_count': 15,
          'name': 'plugin.zip',
          'sha256': '22620b25a23115258676ca8e831a755fb5ce73e1395cc12b16ac92ccb1636454',
          'size': 11500,
        }),
        'prerelease': True,
        'published_at': FakeDatetime(2013, 2, 27, 19, 35, 32, tzinfo=datetime.timezone.utc),
        'tag_name': 'v1.0.0-beta',
      }),
    ]),
    'repository': 'owner/repo',
    'stargazers_count': 100,
    'topics': list([
      'python',
      'plugin',
    ]),
    'used_ref': 'v1.0.1',
    'watchers_count': 10,
  })
# ---
